
> fitness-app@0.0.1 test:e2e
> playwright test


Running 3 tests using 3 workers

  ✓  2 e2e/home.test.ts:3:1 › home page has expected title (208ms)
PAGE LOG: Submitting form...
PAGE LOG: Access to fetch at 'http://localhost:8080/query?query=query+ListWorkoutLogs+%7B%0A++listWorkoutLogs+%7B%0A++++id%0A++++name%0A++++startTime%0A++++endTime%0A++++locationName%0A++++exerciseLogs+%7B%0A++++++uniqueExerciseId%0A++++++__typename%0A++++%7D%0A++++__typename%0A++%7D%0A%7D&operationName=ListWorkoutLogs&variables=%7B%7D' from origin 'http://localhost:4173' has been blocked by CORS policy: No 'Access-Control-Allow-Origin' header is present on the requested resource.
REQUEST FAILED: http://localhost:8080/query?query=query+ListWorkoutLogs+%7B%0A++listWorkoutLogs+%7B%0A++++id%0A++++name%0A++++startTime%0A++++endTime%0A++++locationName%0A++++exerciseLogs+%7B%0A++++++uniqueExerciseId%0A++++++__typename%0A++++%7D%0A++++__typename%0A++%7D%0A%7D&operationName=ListWorkoutLogs&variables=%7B%7D net::ERR_FAILED
PAGE LOG: Failed to load resource: net::ERR_FAILED
  ✓  1 e2e/register.test.ts:3:1 › user can register successfully (625ms)
PAGE LOG: Mutation Result: {operation: Object, data: null, error: CombinedError: [GraphQL] unauthorized: must be logged in to create a custom exercise
    at ce (htt…, extensions: undefined, hasNext: false}
UI Error: [GraphQL] unauthorized: must be logged in to create a custom exercise
  ✘  3 e2e/workouts.test.ts:4:5 › Workout Workflows › should log a workout and view it (5.7s)


  1) e2e/workouts.test.ts:4:5 › Workout Workflows › should log a workout and view it ───────────────

    Error: [2mexpect([22m[31mpage[39m[2m).[22mtoHaveURL[2m([22m[32mexpected[39m[2m)[22m failed

    Expected: [32m"http://localhost:4173/[7mdashboard[27m"[39m
    Received: [31m"http://localhost:4173/[7mexercises/new[27m"[39m
    Timeout:  5000ms

    Call log:
    [2m  - Expect "toHaveURL" with timeout 5000ms[22m
    [2m    9 × unexpected value "http://localhost:4173/exercises/new"[22m


      27 |         // Should redirect to dashboard
      28 |         try {
    > 29 |             await expect(page).toHaveURL('/dashboard');
         |                                ^
      30 |         } catch (e) {
      31 |             const errorText = await page.locator('.text-red-800').textContent();
      32 |             console.log('UI Error:', errorText);
        at /home/joe/fitness-app/frontend/e2e/workouts.test.ts:29:32

    Error Context: test-results/workouts-Workout-Workflows-should-log-a-workout-and-view-it/error-context.md

  1 failed
    e2e/workouts.test.ts:4:5 › Workout Workflows › should log a workout and view it ────────────────
  2 passed (11.2s)
